a
able
air
again
answer
any
are
as
at
atari

b
be
being
boot
both
break
bus
bye

c
castle
city
com
commodore
could

d
do
does
doing
done
dr.

e
equal
erase
error
even
ever
evil

f
father
foot
friend

g
gone
great

h
have
here
hour
house
how

i
i'm
in
inside

j

k

l
laugh
lead

m
mood
mr.
mrs.
ms.

n
none
now

o
of
old
on
once
one
only
other
over

p
people
power
prof.
put

q
quarter
quiz

r
reward

s
said
school
some

t
than
that
the
their
them
there
these
they
this
through
thus
to
today
tomorrow
total
two

u
university
upon

v
valve
view

w
want
war
was
wear
were
what
where
woman
women

x
xylophone

y
yes
you
young
your

z

1
1st

2
2nd

3
3rd

4
4th

5
5th

6
64
6th

7
7th

8
8th

9
9th

10th

#
$
%
&
+
=
@
^